// Jest Snapshot v1, https://goo.gl/fbAQLP

exports[`<Image /> should renders correctly 1`] = `
<Image
  height={34}
  src="www.aaa.com"
  width={23}
>
  <div
    className="root"
  >
    <img
      height={34}
      src="www.aaa.com"
      width={23}
    />
  </div>
</Image>
`;
