// Jest Snapshot v1, https://goo.gl/fbAQLP

exports[`<Breadcrumbs /> should renders correctly 1`] = `
Object {
  "asFragment": [Function],
  "baseElement": <body>
    <div>
      <nav
        class="root"
        data-testid="breadcrumbs"
      >
        <div
          class="breadcrumb"
          data-testid="breadcrumb"
        >
          <a
            class="link basic-gray87"
            data-testid="anchor"
            href="/root_path"
          >
            Root
          </a>
        </div>
        <div
          class="breadcrumb"
          data-testid="breadcrumb"
        >
          <a
            class="link basic-gray87"
            data-testid="anchor"
            href="/first_level_path"
          >
            First Level
          </a>
          <svg
            class="toggle-icon"
            data-testid="breadcrumb:siblings-opener"
            fill="none"
            height="16"
            viewBox="0 0 16 16"
            width="16"
            xmlns="http://www.w3.org/2000/svg"
          >
            <g
              opacity="0.3"
            >
              <mask
                fill="#fff"
                id="square-arrow-down_svg__path-1-inside-1"
              >
                <path
                  clip-rule="evenodd"
                  d="M3 3h10v10H3V3zM2 3a1 1 0 011-1h10a1 1 0 011 1v10a1 1 0 01-1 1H3a1 1 0 01-1-1V3zm3.38 3.175a.5.5 0 00-.76.65l3 3.5a.5.5 0 00.76 0l3-3.5a.5.5 0 10-.76-.65L8 9.232 5.38 6.175z"
                  fill-rule="evenodd"
                />
              </mask>
              <path
                d="M13 3h1V2h-1v1zM3 3V2H2v1h1zm10 10v1h1v-1h-1zM3 13H2v1h1v-1zm1.675-6.88l.65.76-.65-.76zm.705.055l-.76.65.76-.65zm-.76.65l.76-.65-.76.65zm3 3.5l-.759.651.76-.65zm.76 0l.759.651-.76-.65zm3-3.5l-.76-.65.76.65zm-.055-.705l.651-.759-.65.76zm-.705.055l-.759-.651.76.65zM8 9.232l-.76.65.76.886.76-.886-.76-.65zM13 2H3v2h10V2zm1 11V3h-2v10h2zM3 14h10v-2H3v2zM2 3v10h2V3H2zm1-2a2 2 0 00-2 2h2V1zm10 0H3v2h10V1zm2 2a2 2 0 00-2-2v2h2zm0 10V3h-2v10h2zm-2 2a2 2 0 002-2h-2v2zM3 15h10v-2H3v2zm-2-2a2 2 0 002 2v-2H1zM1 3v10h2V3H1zm4.325 3.88a.5.5 0 01-.705-.055L6.14 5.524a1.5 1.5 0 00-2.115-.163L5.325 6.88zm.055-.705a.5.5 0 01-.055.705L4.024 5.36a1.5 1.5 0 00-.163 2.115L5.38 6.175zm3 3.5l-3-3.5L3.86 7.476l3 3.5L8.38 9.675zM8 9.5a.5.5 0 01.38.175L6.86 10.976A1.5 1.5 0 008 11.5v-2zm-.38.175A.5.5 0 018 9.5v2a1.5 1.5 0 001.139-.524L7.62 9.675zm3-3.5l-3 3.5 1.519 1.301 3-3.5-1.519-1.301zm.055.705a.5.5 0 01-.055-.705l1.519 1.301a1.5 1.5 0 00-.163-2.115L10.675 6.88zm.705-.055a.5.5 0 01-.705.055l1.301-1.519a1.5 1.5 0 00-2.115.163l1.519 1.301zM8.76 9.883l2.62-3.058L9.86 5.524 7.241 8.58l1.518 1.302zM4.62 6.825l2.62 3.058L8.76 8.58 6.138 5.524 4.62 6.825z"
                fill="#212121"
                mask="url(#square-arrow-down_svg__path-1-inside-1)"
              />
            </g>
          </svg>
        </div>
        <div
          class="breadcrumb"
          data-testid="breadcrumb"
        >
          <a
            class="link basic-gray87"
            data-testid="anchor"
            href="/second_level_path"
          >
            Second Level very long title here
          </a>
          <svg
            class="toggle-icon"
            data-testid="breadcrumb:siblings-opener"
            fill="none"
            height="16"
            viewBox="0 0 16 16"
            width="16"
            xmlns="http://www.w3.org/2000/svg"
          >
            <g
              opacity="0.3"
            >
              <mask
                fill="#fff"
                id="square-arrow-down_svg__path-1-inside-1"
              >
                <path
                  clip-rule="evenodd"
                  d="M3 3h10v10H3V3zM2 3a1 1 0 011-1h10a1 1 0 011 1v10a1 1 0 01-1 1H3a1 1 0 01-1-1V3zm3.38 3.175a.5.5 0 00-.76.65l3 3.5a.5.5 0 00.76 0l3-3.5a.5.5 0 10-.76-.65L8 9.232 5.38 6.175z"
                  fill-rule="evenodd"
                />
              </mask>
              <path
                d="M13 3h1V2h-1v1zM3 3V2H2v1h1zm10 10v1h1v-1h-1zM3 13H2v1h1v-1zm1.675-6.88l.65.76-.65-.76zm.705.055l-.76.65.76-.65zm-.76.65l.76-.65-.76.65zm3 3.5l-.759.651.76-.65zm.76 0l.759.651-.76-.65zm3-3.5l-.76-.65.76.65zm-.055-.705l.651-.759-.65.76zm-.705.055l-.759-.651.76.65zM8 9.232l-.76.65.76.886.76-.886-.76-.65zM13 2H3v2h10V2zm1 11V3h-2v10h2zM3 14h10v-2H3v2zM2 3v10h2V3H2zm1-2a2 2 0 00-2 2h2V1zm10 0H3v2h10V1zm2 2a2 2 0 00-2-2v2h2zm0 10V3h-2v10h2zm-2 2a2 2 0 002-2h-2v2zM3 15h10v-2H3v2zm-2-2a2 2 0 002 2v-2H1zM1 3v10h2V3H1zm4.325 3.88a.5.5 0 01-.705-.055L6.14 5.524a1.5 1.5 0 00-2.115-.163L5.325 6.88zm.055-.705a.5.5 0 01-.055.705L4.024 5.36a1.5 1.5 0 00-.163 2.115L5.38 6.175zm3 3.5l-3-3.5L3.86 7.476l3 3.5L8.38 9.675zM8 9.5a.5.5 0 01.38.175L6.86 10.976A1.5 1.5 0 008 11.5v-2zm-.38.175A.5.5 0 018 9.5v2a1.5 1.5 0 001.139-.524L7.62 9.675zm3-3.5l-3 3.5 1.519 1.301 3-3.5-1.519-1.301zm.055.705a.5.5 0 01-.055-.705l1.519 1.301a1.5 1.5 0 00-.163-2.115L10.675 6.88zm.705-.055a.5.5 0 01-.705.055l1.301-1.519a1.5 1.5 0 00-2.115.163l1.519 1.301zM8.76 9.883l2.62-3.058L9.86 5.524 7.241 8.58l1.518 1.302zM4.62 6.825l2.62 3.058L8.76 8.58 6.138 5.524 4.62 6.825z"
                fill="#212121"
                mask="url(#square-arrow-down_svg__path-1-inside-1)"
              />
            </g>
          </svg>
        </div>
        <div
          class="breadcrumb"
          data-testid="breadcrumb"
        >
          <a
            class="link basic-gray87"
            data-testid="anchor"
            href="/third_level_path"
          >
            Third Level
          </a>
          <svg
            class="toggle-icon"
            data-testid="breadcrumb:siblings-opener"
            fill="none"
            height="16"
            viewBox="0 0 16 16"
            width="16"
            xmlns="http://www.w3.org/2000/svg"
          >
            <g
              opacity="0.3"
            >
              <mask
                fill="#fff"
                id="square-arrow-down_svg__path-1-inside-1"
              >
                <path
                  clip-rule="evenodd"
                  d="M3 3h10v10H3V3zM2 3a1 1 0 011-1h10a1 1 0 011 1v10a1 1 0 01-1 1H3a1 1 0 01-1-1V3zm3.38 3.175a.5.5 0 00-.76.65l3 3.5a.5.5 0 00.76 0l3-3.5a.5.5 0 10-.76-.65L8 9.232 5.38 6.175z"
                  fill-rule="evenodd"
                />
              </mask>
              <path
                d="M13 3h1V2h-1v1zM3 3V2H2v1h1zm10 10v1h1v-1h-1zM3 13H2v1h1v-1zm1.675-6.88l.65.76-.65-.76zm.705.055l-.76.65.76-.65zm-.76.65l.76-.65-.76.65zm3 3.5l-.759.651.76-.65zm.76 0l.759.651-.76-.65zm3-3.5l-.76-.65.76.65zm-.055-.705l.651-.759-.65.76zm-.705.055l-.759-.651.76.65zM8 9.232l-.76.65.76.886.76-.886-.76-.65zM13 2H3v2h10V2zm1 11V3h-2v10h2zM3 14h10v-2H3v2zM2 3v10h2V3H2zm1-2a2 2 0 00-2 2h2V1zm10 0H3v2h10V1zm2 2a2 2 0 00-2-2v2h2zm0 10V3h-2v10h2zm-2 2a2 2 0 002-2h-2v2zM3 15h10v-2H3v2zm-2-2a2 2 0 002 2v-2H1zM1 3v10h2V3H1zm4.325 3.88a.5.5 0 01-.705-.055L6.14 5.524a1.5 1.5 0 00-2.115-.163L5.325 6.88zm.055-.705a.5.5 0 01-.055.705L4.024 5.36a1.5 1.5 0 00-.163 2.115L5.38 6.175zm3 3.5l-3-3.5L3.86 7.476l3 3.5L8.38 9.675zM8 9.5a.5.5 0 01.38.175L6.86 10.976A1.5 1.5 0 008 11.5v-2zm-.38.175A.5.5 0 018 9.5v2a1.5 1.5 0 001.139-.524L7.62 9.675zm3-3.5l-3 3.5 1.519 1.301 3-3.5-1.519-1.301zm.055.705a.5.5 0 01-.055-.705l1.519 1.301a1.5 1.5 0 00-.163-2.115L10.675 6.88zm.705-.055a.5.5 0 01-.705.055l1.301-1.519a1.5 1.5 0 00-2.115.163l1.519 1.301zM8.76 9.883l2.62-3.058L9.86 5.524 7.241 8.58l1.518 1.302zM4.62 6.825l2.62 3.058L8.76 8.58 6.138 5.524 4.62 6.825z"
                fill="#212121"
                mask="url(#square-arrow-down_svg__path-1-inside-1)"
              />
            </g>
          </svg>
        </div>
        <div
          class="breadcrumb"
          data-testid="breadcrumb"
        >
          <a
            class="link basic-gray87"
            data-testid="anchor"
            href="/first_level_path"
          >
            Fourth Level
          </a>
          <svg
            class="toggle-icon"
            data-testid="breadcrumb:siblings-opener"
            fill="none"
            height="16"
            viewBox="0 0 16 16"
            width="16"
            xmlns="http://www.w3.org/2000/svg"
          >
            <g
              opacity="0.3"
            >
              <mask
                fill="#fff"
                id="square-arrow-down_svg__path-1-inside-1"
              >
                <path
                  clip-rule="evenodd"
                  d="M3 3h10v10H3V3zM2 3a1 1 0 011-1h10a1 1 0 011 1v10a1 1 0 01-1 1H3a1 1 0 01-1-1V3zm3.38 3.175a.5.5 0 00-.76.65l3 3.5a.5.5 0 00.76 0l3-3.5a.5.5 0 10-.76-.65L8 9.232 5.38 6.175z"
                  fill-rule="evenodd"
                />
              </mask>
              <path
                d="M13 3h1V2h-1v1zM3 3V2H2v1h1zm10 10v1h1v-1h-1zM3 13H2v1h1v-1zm1.675-6.88l.65.76-.65-.76zm.705.055l-.76.65.76-.65zm-.76.65l.76-.65-.76.65zm3 3.5l-.759.651.76-.65zm.76 0l.759.651-.76-.65zm3-3.5l-.76-.65.76.65zm-.055-.705l.651-.759-.65.76zm-.705.055l-.759-.651.76.65zM8 9.232l-.76.65.76.886.76-.886-.76-.65zM13 2H3v2h10V2zm1 11V3h-2v10h2zM3 14h10v-2H3v2zM2 3v10h2V3H2zm1-2a2 2 0 00-2 2h2V1zm10 0H3v2h10V1zm2 2a2 2 0 00-2-2v2h2zm0 10V3h-2v10h2zm-2 2a2 2 0 002-2h-2v2zM3 15h10v-2H3v2zm-2-2a2 2 0 002 2v-2H1zM1 3v10h2V3H1zm4.325 3.88a.5.5 0 01-.705-.055L6.14 5.524a1.5 1.5 0 00-2.115-.163L5.325 6.88zm.055-.705a.5.5 0 01-.055.705L4.024 5.36a1.5 1.5 0 00-.163 2.115L5.38 6.175zm3 3.5l-3-3.5L3.86 7.476l3 3.5L8.38 9.675zM8 9.5a.5.5 0 01.38.175L6.86 10.976A1.5 1.5 0 008 11.5v-2zm-.38.175A.5.5 0 018 9.5v2a1.5 1.5 0 001.139-.524L7.62 9.675zm3-3.5l-3 3.5 1.519 1.301 3-3.5-1.519-1.301zm.055.705a.5.5 0 01-.055-.705l1.519 1.301a1.5 1.5 0 00-.163-2.115L10.675 6.88zm.705-.055a.5.5 0 01-.705.055l1.301-1.519a1.5 1.5 0 00-2.115.163l1.519 1.301zM8.76 9.883l2.62-3.058L9.86 5.524 7.241 8.58l1.518 1.302zM4.62 6.825l2.62 3.058L8.76 8.58 6.138 5.524 4.62 6.825z"
                fill="#212121"
                mask="url(#square-arrow-down_svg__path-1-inside-1)"
              />
            </g>
          </svg>
        </div>
        <div
          class="breadcrumb"
          data-testid="breadcrumb"
        >
          <a
            class="link basic-gray87"
            data-testid="anchor"
            href="/fifth_level_path"
          >
            Fifth Level
          </a>
          <svg
            class="toggle-icon"
            data-testid="breadcrumb:siblings-opener"
            fill="none"
            height="16"
            viewBox="0 0 16 16"
            width="16"
            xmlns="http://www.w3.org/2000/svg"
          >
            <g
              opacity="0.3"
            >
              <mask
                fill="#fff"
                id="square-arrow-down_svg__path-1-inside-1"
              >
                <path
                  clip-rule="evenodd"
                  d="M3 3h10v10H3V3zM2 3a1 1 0 011-1h10a1 1 0 011 1v10a1 1 0 01-1 1H3a1 1 0 01-1-1V3zm3.38 3.175a.5.5 0 00-.76.65l3 3.5a.5.5 0 00.76 0l3-3.5a.5.5 0 10-.76-.65L8 9.232 5.38 6.175z"
                  fill-rule="evenodd"
                />
              </mask>
              <path
                d="M13 3h1V2h-1v1zM3 3V2H2v1h1zm10 10v1h1v-1h-1zM3 13H2v1h1v-1zm1.675-6.88l.65.76-.65-.76zm.705.055l-.76.65.76-.65zm-.76.65l.76-.65-.76.65zm3 3.5l-.759.651.76-.65zm.76 0l.759.651-.76-.65zm3-3.5l-.76-.65.76.65zm-.055-.705l.651-.759-.65.76zm-.705.055l-.759-.651.76.65zM8 9.232l-.76.65.76.886.76-.886-.76-.65zM13 2H3v2h10V2zm1 11V3h-2v10h2zM3 14h10v-2H3v2zM2 3v10h2V3H2zm1-2a2 2 0 00-2 2h2V1zm10 0H3v2h10V1zm2 2a2 2 0 00-2-2v2h2zm0 10V3h-2v10h2zm-2 2a2 2 0 002-2h-2v2zM3 15h10v-2H3v2zm-2-2a2 2 0 002 2v-2H1zM1 3v10h2V3H1zm4.325 3.88a.5.5 0 01-.705-.055L6.14 5.524a1.5 1.5 0 00-2.115-.163L5.325 6.88zm.055-.705a.5.5 0 01-.055.705L4.024 5.36a1.5 1.5 0 00-.163 2.115L5.38 6.175zm3 3.5l-3-3.5L3.86 7.476l3 3.5L8.38 9.675zM8 9.5a.5.5 0 01.38.175L6.86 10.976A1.5 1.5 0 008 11.5v-2zm-.38.175A.5.5 0 018 9.5v2a1.5 1.5 0 001.139-.524L7.62 9.675zm3-3.5l-3 3.5 1.519 1.301 3-3.5-1.519-1.301zm.055.705a.5.5 0 01-.055-.705l1.519 1.301a1.5 1.5 0 00-.163-2.115L10.675 6.88zm.705-.055a.5.5 0 01-.705.055l1.301-1.519a1.5 1.5 0 00-2.115.163l1.519 1.301zM8.76 9.883l2.62-3.058L9.86 5.524 7.241 8.58l1.518 1.302zM4.62 6.825l2.62 3.058L8.76 8.58 6.138 5.524 4.62 6.825z"
                fill="#212121"
                mask="url(#square-arrow-down_svg__path-1-inside-1)"
              />
            </g>
          </svg>
        </div>
        <div
          class="breadcrumb"
          data-testid="breadcrumb"
        >
          <a
            class="link basic-gray87"
            data-testid="anchor"
            href="/sixth_level_path"
          >
            Sixth Level
          </a>
          <svg
            class="toggle-icon"
            data-testid="breadcrumb:siblings-opener"
            fill="none"
            height="16"
            viewBox="0 0 16 16"
            width="16"
            xmlns="http://www.w3.org/2000/svg"
          >
            <g
              opacity="0.3"
            >
              <mask
                fill="#fff"
                id="square-arrow-down_svg__path-1-inside-1"
              >
                <path
                  clip-rule="evenodd"
                  d="M3 3h10v10H3V3zM2 3a1 1 0 011-1h10a1 1 0 011 1v10a1 1 0 01-1 1H3a1 1 0 01-1-1V3zm3.38 3.175a.5.5 0 00-.76.65l3 3.5a.5.5 0 00.76 0l3-3.5a.5.5 0 10-.76-.65L8 9.232 5.38 6.175z"
                  fill-rule="evenodd"
                />
              </mask>
              <path
                d="M13 3h1V2h-1v1zM3 3V2H2v1h1zm10 10v1h1v-1h-1zM3 13H2v1h1v-1zm1.675-6.88l.65.76-.65-.76zm.705.055l-.76.65.76-.65zm-.76.65l.76-.65-.76.65zm3 3.5l-.759.651.76-.65zm.76 0l.759.651-.76-.65zm3-3.5l-.76-.65.76.65zm-.055-.705l.651-.759-.65.76zm-.705.055l-.759-.651.76.65zM8 9.232l-.76.65.76.886.76-.886-.76-.65zM13 2H3v2h10V2zm1 11V3h-2v10h2zM3 14h10v-2H3v2zM2 3v10h2V3H2zm1-2a2 2 0 00-2 2h2V1zm10 0H3v2h10V1zm2 2a2 2 0 00-2-2v2h2zm0 10V3h-2v10h2zm-2 2a2 2 0 002-2h-2v2zM3 15h10v-2H3v2zm-2-2a2 2 0 002 2v-2H1zM1 3v10h2V3H1zm4.325 3.88a.5.5 0 01-.705-.055L6.14 5.524a1.5 1.5 0 00-2.115-.163L5.325 6.88zm.055-.705a.5.5 0 01-.055.705L4.024 5.36a1.5 1.5 0 00-.163 2.115L5.38 6.175zm3 3.5l-3-3.5L3.86 7.476l3 3.5L8.38 9.675zM8 9.5a.5.5 0 01.38.175L6.86 10.976A1.5 1.5 0 008 11.5v-2zm-.38.175A.5.5 0 018 9.5v2a1.5 1.5 0 001.139-.524L7.62 9.675zm3-3.5l-3 3.5 1.519 1.301 3-3.5-1.519-1.301zm.055.705a.5.5 0 01-.055-.705l1.519 1.301a1.5 1.5 0 00-.163-2.115L10.675 6.88zm.705-.055a.5.5 0 01-.705.055l1.301-1.519a1.5 1.5 0 00-2.115.163l1.519 1.301zM8.76 9.883l2.62-3.058L9.86 5.524 7.241 8.58l1.518 1.302zM4.62 6.825l2.62 3.058L8.76 8.58 6.138 5.524 4.62 6.825z"
                fill="#212121"
                mask="url(#square-arrow-down_svg__path-1-inside-1)"
              />
            </g>
          </svg>
        </div>
      </nav>
    </div>
  </body>,
  "container": <div>
    <nav
      class="root"
      data-testid="breadcrumbs"
    >
      <div
        class="breadcrumb"
        data-testid="breadcrumb"
      >
        <a
          class="link basic-gray87"
          data-testid="anchor"
          href="/root_path"
        >
          Root
        </a>
      </div>
      <div
        class="breadcrumb"
        data-testid="breadcrumb"
      >
        <a
          class="link basic-gray87"
          data-testid="anchor"
          href="/first_level_path"
        >
          First Level
        </a>
        <svg
          class="toggle-icon"
          data-testid="breadcrumb:siblings-opener"
          fill="none"
          height="16"
          viewBox="0 0 16 16"
          width="16"
          xmlns="http://www.w3.org/2000/svg"
        >
          <g
            opacity="0.3"
          >
            <mask
              fill="#fff"
              id="square-arrow-down_svg__path-1-inside-1"
            >
              <path
                clip-rule="evenodd"
                d="M3 3h10v10H3V3zM2 3a1 1 0 011-1h10a1 1 0 011 1v10a1 1 0 01-1 1H3a1 1 0 01-1-1V3zm3.38 3.175a.5.5 0 00-.76.65l3 3.5a.5.5 0 00.76 0l3-3.5a.5.5 0 10-.76-.65L8 9.232 5.38 6.175z"
                fill-rule="evenodd"
              />
            </mask>
            <path
              d="M13 3h1V2h-1v1zM3 3V2H2v1h1zm10 10v1h1v-1h-1zM3 13H2v1h1v-1zm1.675-6.88l.65.76-.65-.76zm.705.055l-.76.65.76-.65zm-.76.65l.76-.65-.76.65zm3 3.5l-.759.651.76-.65zm.76 0l.759.651-.76-.65zm3-3.5l-.76-.65.76.65zm-.055-.705l.651-.759-.65.76zm-.705.055l-.759-.651.76.65zM8 9.232l-.76.65.76.886.76-.886-.76-.65zM13 2H3v2h10V2zm1 11V3h-2v10h2zM3 14h10v-2H3v2zM2 3v10h2V3H2zm1-2a2 2 0 00-2 2h2V1zm10 0H3v2h10V1zm2 2a2 2 0 00-2-2v2h2zm0 10V3h-2v10h2zm-2 2a2 2 0 002-2h-2v2zM3 15h10v-2H3v2zm-2-2a2 2 0 002 2v-2H1zM1 3v10h2V3H1zm4.325 3.88a.5.5 0 01-.705-.055L6.14 5.524a1.5 1.5 0 00-2.115-.163L5.325 6.88zm.055-.705a.5.5 0 01-.055.705L4.024 5.36a1.5 1.5 0 00-.163 2.115L5.38 6.175zm3 3.5l-3-3.5L3.86 7.476l3 3.5L8.38 9.675zM8 9.5a.5.5 0 01.38.175L6.86 10.976A1.5 1.5 0 008 11.5v-2zm-.38.175A.5.5 0 018 9.5v2a1.5 1.5 0 001.139-.524L7.62 9.675zm3-3.5l-3 3.5 1.519 1.301 3-3.5-1.519-1.301zm.055.705a.5.5 0 01-.055-.705l1.519 1.301a1.5 1.5 0 00-.163-2.115L10.675 6.88zm.705-.055a.5.5 0 01-.705.055l1.301-1.519a1.5 1.5 0 00-2.115.163l1.519 1.301zM8.76 9.883l2.62-3.058L9.86 5.524 7.241 8.58l1.518 1.302zM4.62 6.825l2.62 3.058L8.76 8.58 6.138 5.524 4.62 6.825z"
              fill="#212121"
              mask="url(#square-arrow-down_svg__path-1-inside-1)"
            />
          </g>
        </svg>
      </div>
      <div
        class="breadcrumb"
        data-testid="breadcrumb"
      >
        <a
          class="link basic-gray87"
          data-testid="anchor"
          href="/second_level_path"
        >
          Second Level very long title here
        </a>
        <svg
          class="toggle-icon"
          data-testid="breadcrumb:siblings-opener"
          fill="none"
          height="16"
          viewBox="0 0 16 16"
          width="16"
          xmlns="http://www.w3.org/2000/svg"
        >
          <g
            opacity="0.3"
          >
            <mask
              fill="#fff"
              id="square-arrow-down_svg__path-1-inside-1"
            >
              <path
                clip-rule="evenodd"
                d="M3 3h10v10H3V3zM2 3a1 1 0 011-1h10a1 1 0 011 1v10a1 1 0 01-1 1H3a1 1 0 01-1-1V3zm3.38 3.175a.5.5 0 00-.76.65l3 3.5a.5.5 0 00.76 0l3-3.5a.5.5 0 10-.76-.65L8 9.232 5.38 6.175z"
                fill-rule="evenodd"
              />
            </mask>
            <path
              d="M13 3h1V2h-1v1zM3 3V2H2v1h1zm10 10v1h1v-1h-1zM3 13H2v1h1v-1zm1.675-6.88l.65.76-.65-.76zm.705.055l-.76.65.76-.65zm-.76.65l.76-.65-.76.65zm3 3.5l-.759.651.76-.65zm.76 0l.759.651-.76-.65zm3-3.5l-.76-.65.76.65zm-.055-.705l.651-.759-.65.76zm-.705.055l-.759-.651.76.65zM8 9.232l-.76.65.76.886.76-.886-.76-.65zM13 2H3v2h10V2zm1 11V3h-2v10h2zM3 14h10v-2H3v2zM2 3v10h2V3H2zm1-2a2 2 0 00-2 2h2V1zm10 0H3v2h10V1zm2 2a2 2 0 00-2-2v2h2zm0 10V3h-2v10h2zm-2 2a2 2 0 002-2h-2v2zM3 15h10v-2H3v2zm-2-2a2 2 0 002 2v-2H1zM1 3v10h2V3H1zm4.325 3.88a.5.5 0 01-.705-.055L6.14 5.524a1.5 1.5 0 00-2.115-.163L5.325 6.88zm.055-.705a.5.5 0 01-.055.705L4.024 5.36a1.5 1.5 0 00-.163 2.115L5.38 6.175zm3 3.5l-3-3.5L3.86 7.476l3 3.5L8.38 9.675zM8 9.5a.5.5 0 01.38.175L6.86 10.976A1.5 1.5 0 008 11.5v-2zm-.38.175A.5.5 0 018 9.5v2a1.5 1.5 0 001.139-.524L7.62 9.675zm3-3.5l-3 3.5 1.519 1.301 3-3.5-1.519-1.301zm.055.705a.5.5 0 01-.055-.705l1.519 1.301a1.5 1.5 0 00-.163-2.115L10.675 6.88zm.705-.055a.5.5 0 01-.705.055l1.301-1.519a1.5 1.5 0 00-2.115.163l1.519 1.301zM8.76 9.883l2.62-3.058L9.86 5.524 7.241 8.58l1.518 1.302zM4.62 6.825l2.62 3.058L8.76 8.58 6.138 5.524 4.62 6.825z"
              fill="#212121"
              mask="url(#square-arrow-down_svg__path-1-inside-1)"
            />
          </g>
        </svg>
      </div>
      <div
        class="breadcrumb"
        data-testid="breadcrumb"
      >
        <a
          class="link basic-gray87"
          data-testid="anchor"
          href="/third_level_path"
        >
          Third Level
        </a>
        <svg
          class="toggle-icon"
          data-testid="breadcrumb:siblings-opener"
          fill="none"
          height="16"
          viewBox="0 0 16 16"
          width="16"
          xmlns="http://www.w3.org/2000/svg"
        >
          <g
            opacity="0.3"
          >
            <mask
              fill="#fff"
              id="square-arrow-down_svg__path-1-inside-1"
            >
              <path
                clip-rule="evenodd"
                d="M3 3h10v10H3V3zM2 3a1 1 0 011-1h10a1 1 0 011 1v10a1 1 0 01-1 1H3a1 1 0 01-1-1V3zm3.38 3.175a.5.5 0 00-.76.65l3 3.5a.5.5 0 00.76 0l3-3.5a.5.5 0 10-.76-.65L8 9.232 5.38 6.175z"
                fill-rule="evenodd"
              />
            </mask>
            <path
              d="M13 3h1V2h-1v1zM3 3V2H2v1h1zm10 10v1h1v-1h-1zM3 13H2v1h1v-1zm1.675-6.88l.65.76-.65-.76zm.705.055l-.76.65.76-.65zm-.76.65l.76-.65-.76.65zm3 3.5l-.759.651.76-.65zm.76 0l.759.651-.76-.65zm3-3.5l-.76-.65.76.65zm-.055-.705l.651-.759-.65.76zm-.705.055l-.759-.651.76.65zM8 9.232l-.76.65.76.886.76-.886-.76-.65zM13 2H3v2h10V2zm1 11V3h-2v10h2zM3 14h10v-2H3v2zM2 3v10h2V3H2zm1-2a2 2 0 00-2 2h2V1zm10 0H3v2h10V1zm2 2a2 2 0 00-2-2v2h2zm0 10V3h-2v10h2zm-2 2a2 2 0 002-2h-2v2zM3 15h10v-2H3v2zm-2-2a2 2 0 002 2v-2H1zM1 3v10h2V3H1zm4.325 3.88a.5.5 0 01-.705-.055L6.14 5.524a1.5 1.5 0 00-2.115-.163L5.325 6.88zm.055-.705a.5.5 0 01-.055.705L4.024 5.36a1.5 1.5 0 00-.163 2.115L5.38 6.175zm3 3.5l-3-3.5L3.86 7.476l3 3.5L8.38 9.675zM8 9.5a.5.5 0 01.38.175L6.86 10.976A1.5 1.5 0 008 11.5v-2zm-.38.175A.5.5 0 018 9.5v2a1.5 1.5 0 001.139-.524L7.62 9.675zm3-3.5l-3 3.5 1.519 1.301 3-3.5-1.519-1.301zm.055.705a.5.5 0 01-.055-.705l1.519 1.301a1.5 1.5 0 00-.163-2.115L10.675 6.88zm.705-.055a.5.5 0 01-.705.055l1.301-1.519a1.5 1.5 0 00-2.115.163l1.519 1.301zM8.76 9.883l2.62-3.058L9.86 5.524 7.241 8.58l1.518 1.302zM4.62 6.825l2.62 3.058L8.76 8.58 6.138 5.524 4.62 6.825z"
              fill="#212121"
              mask="url(#square-arrow-down_svg__path-1-inside-1)"
            />
          </g>
        </svg>
      </div>
      <div
        class="breadcrumb"
        data-testid="breadcrumb"
      >
        <a
          class="link basic-gray87"
          data-testid="anchor"
          href="/first_level_path"
        >
          Fourth Level
        </a>
        <svg
          class="toggle-icon"
          data-testid="breadcrumb:siblings-opener"
          fill="none"
          height="16"
          viewBox="0 0 16 16"
          width="16"
          xmlns="http://www.w3.org/2000/svg"
        >
          <g
            opacity="0.3"
          >
            <mask
              fill="#fff"
              id="square-arrow-down_svg__path-1-inside-1"
            >
              <path
                clip-rule="evenodd"
                d="M3 3h10v10H3V3zM2 3a1 1 0 011-1h10a1 1 0 011 1v10a1 1 0 01-1 1H3a1 1 0 01-1-1V3zm3.38 3.175a.5.5 0 00-.76.65l3 3.5a.5.5 0 00.76 0l3-3.5a.5.5 0 10-.76-.65L8 9.232 5.38 6.175z"
                fill-rule="evenodd"
              />
            </mask>
            <path
              d="M13 3h1V2h-1v1zM3 3V2H2v1h1zm10 10v1h1v-1h-1zM3 13H2v1h1v-1zm1.675-6.88l.65.76-.65-.76zm.705.055l-.76.65.76-.65zm-.76.65l.76-.65-.76.65zm3 3.5l-.759.651.76-.65zm.76 0l.759.651-.76-.65zm3-3.5l-.76-.65.76.65zm-.055-.705l.651-.759-.65.76zm-.705.055l-.759-.651.76.65zM8 9.232l-.76.65.76.886.76-.886-.76-.65zM13 2H3v2h10V2zm1 11V3h-2v10h2zM3 14h10v-2H3v2zM2 3v10h2V3H2zm1-2a2 2 0 00-2 2h2V1zm10 0H3v2h10V1zm2 2a2 2 0 00-2-2v2h2zm0 10V3h-2v10h2zm-2 2a2 2 0 002-2h-2v2zM3 15h10v-2H3v2zm-2-2a2 2 0 002 2v-2H1zM1 3v10h2V3H1zm4.325 3.88a.5.5 0 01-.705-.055L6.14 5.524a1.5 1.5 0 00-2.115-.163L5.325 6.88zm.055-.705a.5.5 0 01-.055.705L4.024 5.36a1.5 1.5 0 00-.163 2.115L5.38 6.175zm3 3.5l-3-3.5L3.86 7.476l3 3.5L8.38 9.675zM8 9.5a.5.5 0 01.38.175L6.86 10.976A1.5 1.5 0 008 11.5v-2zm-.38.175A.5.5 0 018 9.5v2a1.5 1.5 0 001.139-.524L7.62 9.675zm3-3.5l-3 3.5 1.519 1.301 3-3.5-1.519-1.301zm.055.705a.5.5 0 01-.055-.705l1.519 1.301a1.5 1.5 0 00-.163-2.115L10.675 6.88zm.705-.055a.5.5 0 01-.705.055l1.301-1.519a1.5 1.5 0 00-2.115.163l1.519 1.301zM8.76 9.883l2.62-3.058L9.86 5.524 7.241 8.58l1.518 1.302zM4.62 6.825l2.62 3.058L8.76 8.58 6.138 5.524 4.62 6.825z"
              fill="#212121"
              mask="url(#square-arrow-down_svg__path-1-inside-1)"
            />
          </g>
        </svg>
      </div>
      <div
        class="breadcrumb"
        data-testid="breadcrumb"
      >
        <a
          class="link basic-gray87"
          data-testid="anchor"
          href="/fifth_level_path"
        >
          Fifth Level
        </a>
        <svg
          class="toggle-icon"
          data-testid="breadcrumb:siblings-opener"
          fill="none"
          height="16"
          viewBox="0 0 16 16"
          width="16"
          xmlns="http://www.w3.org/2000/svg"
        >
          <g
            opacity="0.3"
          >
            <mask
              fill="#fff"
              id="square-arrow-down_svg__path-1-inside-1"
            >
              <path
                clip-rule="evenodd"
                d="M3 3h10v10H3V3zM2 3a1 1 0 011-1h10a1 1 0 011 1v10a1 1 0 01-1 1H3a1 1 0 01-1-1V3zm3.38 3.175a.5.5 0 00-.76.65l3 3.5a.5.5 0 00.76 0l3-3.5a.5.5 0 10-.76-.65L8 9.232 5.38 6.175z"
                fill-rule="evenodd"
              />
            </mask>
            <path
              d="M13 3h1V2h-1v1zM3 3V2H2v1h1zm10 10v1h1v-1h-1zM3 13H2v1h1v-1zm1.675-6.88l.65.76-.65-.76zm.705.055l-.76.65.76-.65zm-.76.65l.76-.65-.76.65zm3 3.5l-.759.651.76-.65zm.76 0l.759.651-.76-.65zm3-3.5l-.76-.65.76.65zm-.055-.705l.651-.759-.65.76zm-.705.055l-.759-.651.76.65zM8 9.232l-.76.65.76.886.76-.886-.76-.65zM13 2H3v2h10V2zm1 11V3h-2v10h2zM3 14h10v-2H3v2zM2 3v10h2V3H2zm1-2a2 2 0 00-2 2h2V1zm10 0H3v2h10V1zm2 2a2 2 0 00-2-2v2h2zm0 10V3h-2v10h2zm-2 2a2 2 0 002-2h-2v2zM3 15h10v-2H3v2zm-2-2a2 2 0 002 2v-2H1zM1 3v10h2V3H1zm4.325 3.88a.5.5 0 01-.705-.055L6.14 5.524a1.5 1.5 0 00-2.115-.163L5.325 6.88zm.055-.705a.5.5 0 01-.055.705L4.024 5.36a1.5 1.5 0 00-.163 2.115L5.38 6.175zm3 3.5l-3-3.5L3.86 7.476l3 3.5L8.38 9.675zM8 9.5a.5.5 0 01.38.175L6.86 10.976A1.5 1.5 0 008 11.5v-2zm-.38.175A.5.5 0 018 9.5v2a1.5 1.5 0 001.139-.524L7.62 9.675zm3-3.5l-3 3.5 1.519 1.301 3-3.5-1.519-1.301zm.055.705a.5.5 0 01-.055-.705l1.519 1.301a1.5 1.5 0 00-.163-2.115L10.675 6.88zm.705-.055a.5.5 0 01-.705.055l1.301-1.519a1.5 1.5 0 00-2.115.163l1.519 1.301zM8.76 9.883l2.62-3.058L9.86 5.524 7.241 8.58l1.518 1.302zM4.62 6.825l2.62 3.058L8.76 8.58 6.138 5.524 4.62 6.825z"
              fill="#212121"
              mask="url(#square-arrow-down_svg__path-1-inside-1)"
            />
          </g>
        </svg>
      </div>
      <div
        class="breadcrumb"
        data-testid="breadcrumb"
      >
        <a
          class="link basic-gray87"
          data-testid="anchor"
          href="/sixth_level_path"
        >
          Sixth Level
        </a>
        <svg
          class="toggle-icon"
          data-testid="breadcrumb:siblings-opener"
          fill="none"
          height="16"
          viewBox="0 0 16 16"
          width="16"
          xmlns="http://www.w3.org/2000/svg"
        >
          <g
            opacity="0.3"
          >
            <mask
              fill="#fff"
              id="square-arrow-down_svg__path-1-inside-1"
            >
              <path
                clip-rule="evenodd"
                d="M3 3h10v10H3V3zM2 3a1 1 0 011-1h10a1 1 0 011 1v10a1 1 0 01-1 1H3a1 1 0 01-1-1V3zm3.38 3.175a.5.5 0 00-.76.65l3 3.5a.5.5 0 00.76 0l3-3.5a.5.5 0 10-.76-.65L8 9.232 5.38 6.175z"
                fill-rule="evenodd"
              />
            </mask>
            <path
              d="M13 3h1V2h-1v1zM3 3V2H2v1h1zm10 10v1h1v-1h-1zM3 13H2v1h1v-1zm1.675-6.88l.65.76-.65-.76zm.705.055l-.76.65.76-.65zm-.76.65l.76-.65-.76.65zm3 3.5l-.759.651.76-.65zm.76 0l.759.651-.76-.65zm3-3.5l-.76-.65.76.65zm-.055-.705l.651-.759-.65.76zm-.705.055l-.759-.651.76.65zM8 9.232l-.76.65.76.886.76-.886-.76-.65zM13 2H3v2h10V2zm1 11V3h-2v10h2zM3 14h10v-2H3v2zM2 3v10h2V3H2zm1-2a2 2 0 00-2 2h2V1zm10 0H3v2h10V1zm2 2a2 2 0 00-2-2v2h2zm0 10V3h-2v10h2zm-2 2a2 2 0 002-2h-2v2zM3 15h10v-2H3v2zm-2-2a2 2 0 002 2v-2H1zM1 3v10h2V3H1zm4.325 3.88a.5.5 0 01-.705-.055L6.14 5.524a1.5 1.5 0 00-2.115-.163L5.325 6.88zm.055-.705a.5.5 0 01-.055.705L4.024 5.36a1.5 1.5 0 00-.163 2.115L5.38 6.175zm3 3.5l-3-3.5L3.86 7.476l3 3.5L8.38 9.675zM8 9.5a.5.5 0 01.38.175L6.86 10.976A1.5 1.5 0 008 11.5v-2zm-.38.175A.5.5 0 018 9.5v2a1.5 1.5 0 001.139-.524L7.62 9.675zm3-3.5l-3 3.5 1.519 1.301 3-3.5-1.519-1.301zm.055.705a.5.5 0 01-.055-.705l1.519 1.301a1.5 1.5 0 00-.163-2.115L10.675 6.88zm.705-.055a.5.5 0 01-.705.055l1.301-1.519a1.5 1.5 0 00-2.115.163l1.519 1.301zM8.76 9.883l2.62-3.058L9.86 5.524 7.241 8.58l1.518 1.302zM4.62 6.825l2.62 3.058L8.76 8.58 6.138 5.524 4.62 6.825z"
              fill="#212121"
              mask="url(#square-arrow-down_svg__path-1-inside-1)"
            />
          </g>
        </svg>
      </div>
    </nav>
  </div>,
  "debug": [Function],
  "findAllByAltText": [Function],
  "findAllByDisplayValue": [Function],
  "findAllByLabelText": [Function],
  "findAllByPlaceholderText": [Function],
  "findAllByRole": [Function],
  "findAllByTestId": [Function],
  "findAllByText": [Function],
  "findAllByTitle": [Function],
  "findByAltText": [Function],
  "findByDisplayValue": [Function],
  "findByLabelText": [Function],
  "findByPlaceholderText": [Function],
  "findByRole": [Function],
  "findByTestId": [Function],
  "findByText": [Function],
  "findByTitle": [Function],
  "getAllByAltText": [Function],
  "getAllByDisplayValue": [Function],
  "getAllByLabelText": [Function],
  "getAllByPlaceholderText": [Function],
  "getAllByRole": [Function],
  "getAllByTestId": [Function],
  "getAllByText": [Function],
  "getAllByTitle": [Function],
  "getByAltText": [Function],
  "getByDisplayValue": [Function],
  "getByLabelText": [Function],
  "getByPlaceholderText": [Function],
  "getByRole": [Function],
  "getByTestId": [Function],
  "getByText": [Function],
  "getByTitle": [Function],
  "queryAllByAltText": [Function],
  "queryAllByDisplayValue": [Function],
  "queryAllByLabelText": [Function],
  "queryAllByPlaceholderText": [Function],
  "queryAllByRole": [Function],
  "queryAllByTestId": [Function],
  "queryAllByText": [Function],
  "queryAllByTitle": [Function],
  "queryByAltText": [Function],
  "queryByDisplayValue": [Function],
  "queryByLabelText": [Function],
  "queryByPlaceholderText": [Function],
  "queryByRole": [Function],
  "queryByTestId": [Function],
  "queryByText": [Function],
  "queryByTitle": [Function],
  "rerender": [Function],
  "unmount": [Function],
}
`;
