// Jest Snapshot v1, https://goo.gl/fbAQLP

exports[`<RecommendationCarousel /> should match a snapshot with items 1`] = `
<section
  className="wrapper"
>
  <h3
    className="title"
  >
    Test title
  </h3>
  <withGlobalListeners(Carousel)
    items={
      Array [
        Object {
          "currencyGrapheme": "₽",
          "imageAlt": "Ножницы портновские, 19 см, цвет чёрный, Ножницы",
          "imageSrc": "https://cdn3.static1-sima-land.com/items/3572134/0/280.jpg?v=1594121833",
          "name": "Ножницы портновские, 19 см, цвет чёрный",
          "oldPrice": null,
          "price": 261,
          "url": "",
        },
        Object {
          "currencyGrapheme": "₽",
          "imageAlt": "Ножницы портновские, 31 см, цвет чёрный/голубой, Ножницы",
          "imageSrc": "https://cdn3.static1-sima-land.com/items/2300382/0/280.jpg?v=1594121798",
          "name": "Ножницы портновские, 31 см, цвет чёрный/голубой",
          "oldPrice": null,
          "price": 322,
          "url": "",
        },
        Object {
          "currencyGrapheme": "₽",
          "imageAlt": "Ножницы портновские, 21,5 см, цвет чёрный/голубой, Ножницы",
          "imageSrc": "https://cdn3.static1-sima-land.com/items/2300383/0/280.jpg?v=1594121773",
          "name": "Ножницы портновские, 21,5 см, цвет чёрный/голубой",
          "oldPrice": null,
          "price": 238,
          "url": "",
        },
        Object {
          "currencyGrapheme": "₽",
          "imageAlt": "Ножницы портновские, 23 см, цвет МИКС, Ножницы",
          "imageSrc": "https://cdn3.static1-sima-land.com/items/1550239/0/280.jpg?v=1600179085",
          "name": "Ножницы портновские, 23 см, цвет МИКС",
          "oldPrice": null,
          "price": 171,
          "url": "",
        },
        Object {
          "currencyGrapheme": "₽",
          "imageAlt": "Ножницы портновские, одинаковые кольца, 23 см, цвет чёрный, Ножницы",
          "imageSrc": "https://cdn3.static1-sima-land.com/items/4002852/0/280.jpg?v=1594121894",
          "name": "Ножницы портновские, одинаковые кольца, 23 см, цвет чёрный",
          "oldPrice": null,
          "price": 483,
          "url": "",
        },
        Object {
          "currencyGrapheme": "₽",
          "imageAlt": "Ножницы портновские, 22,5 см, цвет чёрный, Ножницы",
          "imageSrc": "https://cdn3.static1-sima-land.com/items/4005918/0/280.jpg?v=1594121898",
          "name": "Ножницы портновские, 22,5 см, цвет чёрный",
          "oldPrice": null,
          "price": 988,
          "url": "",
        },
        Object {
          "currencyGrapheme": "₽",
          "imageAlt": "Ножницы портновские, 22 см, цвет серебряный, Ножницы",
          "imageSrc": "https://cdn3.static1-sima-land.com/items/2300389/0/280.jpg?v=1594121830",
          "name": "Ножницы портновские, 22 см, цвет серебряный",
          "oldPrice": null,
          "price": 619,
          "url": "",
        },
        Object {
          "currencyGrapheme": "₽",
          "imageAlt": "Ножницы портновские, с увеличенным углом наклона, 27 см, цвет чёрный, Ножницы",
          "imageSrc": "https://cdn3.static1-sima-land.com/items/2117838/0/280.jpg?v=1594121766",
          "name": "Ножницы портновские, с увеличенным углом наклона, 27 см, цвет чёрный",
          "oldPrice": 595,
          "price": 539,
          "url": "",
        },
        Object {
          "currencyGrapheme": "₽",
          "imageAlt": "Ножницы портновские, с прорезиненной ручкой, 20 см, цвет чёрный/серый, Ножницы",
          "imageSrc": "https://cdn3.static1-sima-land.com/items/1108673/0/280.jpg?v=1594103956",
          "name": "Ножницы портновские, с прорезиненной ручкой, 20 см, цвет чёрный/серый",
          "oldPrice": 717,
          "price": 599,
          "url": "",
        },
        Object {
          "currencyGrapheme": "₽",
          "imageAlt": "Ножницы портновские, скошенное лезвие, 15 см, цвет серебряный, Ножницы",
          "imageSrc": "https://cdn3.static1-sima-land.com/items/4150936/0/280.jpg?v=1580193932",
          "name": "Ножницы портновские, скошенное лезвие, 15 см, цвет серебряный",
          "oldPrice": null,
          "price": 253,
          "url": "",
        },
      ]
    }
    renderControl={[Function]}
    renderItem={[Function]}
  />
  <div
    className="tooltip"
  >
    Быстрый просмотр
  </div>
</section>
`;

exports[`<RecommendationCarousel /> should match a snapshot without items 1`] = `<div />`;
