// Jest Snapshot v1, https://goo.gl/fbAQLP

exports[`<ProductInfo /> should renders correctly 1`] = `
<ProductInfo
  currencyGrapheme="₽"
  favorite={true}
  imageSrc="https://cdn3.static1-sima-land.com/items/29455/0/1600.jpg?v=1617955476"
  name="Ножницы портновские, 10, 26 см, цвет чёрный"
  oldPrice={250}
  onFavoriteClick={[MockFunction]}
  onQuickViewClick={[MockFunction]}
  price={225}
  url="https://www.sima-land.ru/123456"
  withImageButtons={true}
>
  <a
    className="row image-row"
    href="https://www.sima-land.ru/123456"
  >
    <Image
      alt="Ножницы портновские, 10, 26 см, цвет чёрный"
      className="image"
      src="https://cdn3.static1-sima-land.com/items/29455/0/1600.jpg?v=1617955476"
    >
      <div
        className="root image"
      >
        <img
          alt="Ножницы портновские, 10, 26 см, цвет чёрный"
          src="https://cdn3.static1-sima-land.com/items/29455/0/1600.jpg?v=1617955476"
        />
      </div>
    </Image>
    <WishButton
      className="on-image-btn wish"
      isWished={true}
      onClick={[Function]}
    >
      <div
        className="wish-button on-image-btn wish is-wished"
        data-testid="favorite-button"
        onClick={[Function]}
        title="Убрать из избранного"
      >
        <HeartFilledSVG
          className="svg stroke"
          height={24}
          viewBox="0 0 24 24"
          width={24}
          xmlns="http://www.w3.org/2000/svg"
        >
          <svg
            className="svg stroke"
            height={24}
            viewBox="0 0 24 24"
            width={24}
            xmlns="http://www.w3.org/2000/svg"
          >
            <path
              d="M19.657 4.01C17.018 2.174 13.76 3.031 12 5.132c-1.759-2.1-5.018-2.968-7.657-1.122-1.4.98-2.279 2.632-2.339 4.376-.14 3.958 3.299 7.13 8.547 11.996l.1.091c.76.704 1.93.704 2.689-.01l.11-.102c5.248-4.855 8.676-8.027 8.546-11.985-.06-1.734-.94-3.386-2.339-4.366z"
            />
          </svg>
        </HeartFilledSVG>
      </div>
    </WishButton>
    <QuickViewButton
      className="on-image-btn quick-view"
      onClick={[Function]}
    >
      <div
        className="button on-image-btn quick-view"
        data-testid="quick-view-button"
        onClick={[Function]}
        title="Быстрый просмотр"
      >
        <QuickViewSVG
          className="stroke"
          height={24}
          viewBox="0 0 24 24"
          width={24}
          xmlns="http://www.w3.org/2000/svg"
        >
          <svg
            className="stroke"
            height={24}
            viewBox="0 0 24 24"
            width={24}
            xmlns="http://www.w3.org/2000/svg"
          >
            <path
              d="M19.94 22.06l-3.219-3.217-.339.22A8.956 8.956 0 0 1 11.5 20.5a9 9 0 1 1 9-9c0 1.8-.528 3.476-1.438 4.882l-.22.34 3.219 3.217a1.5 1.5 0 0 1-2.122 2.122zM9 10h1V9a1.5 1.5 0 1 1 3 0v1h1a1.5 1.5 0 1 1 0 3h-1v1a1.5 1.5 0 1 1-3 0v-1H9a1.5 1.5 0 1 1 0-3zm2.5-4.5a6 6 0 1 0 0 12 6 6 0 0 0 0-12z"
            />
          </svg>
        </QuickViewSVG>
      </div>
    </QuickViewButton>
  </a>
  <div
    className="row prices-row"
  >
    <Price
      className="price"
      currencyGrapheme="₽"
      value={225}
    >
      <span
        className="root price"
      >
        225 ₽
      </span>
    </Price>
    <Price
      className="old-price"
      crossedOut={true}
      currencyGrapheme="₽"
      value={250}
    >
      <span
        className="root old-price crossed-out"
      >
        250 ₽
      </span>
    </Price>
  </div>
  <ForwardRef(Link)
    className="row link"
    color="gray87"
    href="https://www.sima-land.ru/123456"
  >
    <a
      className="link row link color__gray87 hover-color__gray54"
      href="https://www.sima-land.ru/123456"
    >
      Ножницы портновские, 10, 26 см, цвет чёрный
    </a>
  </ForwardRef(Link)>
</ProductInfo>
`;
