// Jest Snapshot v1, https://goo.gl/fbAQLP

exports[`<BannerTitle /> should renders correctly 1`] = `
<div>
  1+1=3
</div>
`;

exports[`<BannerTitle /> should renders correctly 2`] = `<div />`;

exports[`<BannerTitle /> should renders correctly 3`] = `
<div>
  <div
    class="timer"
    data-testid="promotion-card:banner-timer"
  >
    <div
      class="part"
    >
      <div>
        09
      </div>
      <div
        class="label"
      >
        дней
      </div>
    </div>
    <div
      class="divider"
    >
      :
    </div>
    <div
      class="part"
    >
      <div>
        00
      </div>
      <div
        class="label"
      >
        часов
      </div>
    </div>
    <div
      class="divider"
    >
      :
    </div>
    <div
      class="part"
    >
      <div>
        00
      </div>
      <div
        class="label"
      >
        минут
      </div>
    </div>
  </div>
</div>
`;

exports[`<BannerTitle /> should renders correctly 4`] = `<div />`;

exports[`<BannerTitle /> should renders correctly 5`] = `
<div>
  <div
    class="discount"
    data-testid="promotion-card:banner-discount"
  >
    скидки до
    <div
      class="percent"
    >
      45
      %
    </div>
  </div>
</div>
`;
