// Jest Snapshot v1, https://goo.gl/fbAQLP

exports[`<Hint /> should renders correctly 1`] = `
<ForwardRef
  className="additional-class"
>
  <div
    className="root additional-class"
    data-testid="hint"
  >
    <div
      className="body"
    >
      Hello, world!
    </div>
  </div>
</ForwardRef>
`;
