// Jest Snapshot v1, https://goo.gl/fbAQLP

exports[`AllRoundView should renders correctly default state 1`] = `
<div>
  <div
    class="root"
  >
    <img
      data-testid="gallery-modal:360-current-photo"
      src="https://img.com/0"
    />
    <div
      class="controls"
    >
      <button
        class="control turn"
        data-testid="gallery-modal:360-turn-left-button"
      >
        <svg
          height="16"
          viewBox="0 0 16 16"
          width="16"
        >
          <g
            clip-path="url(#prefix__clip0_5876_1440)"
          >
            <path
              clip-rule="evenodd"
              d="M4 1a1 1 0 0 1 1-1h6a1 1 0 0 1 .928 1.371l-2 5a1 1 0 0 1-1.856-.742L9.22 2.757C7.257 3.88 6 5.839 6 8c0 2.829 2.153 5.311 5.227 6.026a1 1 0 0 1-.453 1.948C6.946 15.084 4 11.907 4 8c0-2.393 1.106-4.512 2.842-6H5a1 1 0 0 1-1-1"
              fill-rule="evenodd"
            />
          </g>
          <defs>
            <clippath
              id="prefix__clip0_5876_1440"
            >
              <path
                d="M0 0h16v16H0z"
              />
            </clippath>
          </defs>
        </svg>
      </button>
      <button
        class="control primary"
        data-testid="gallery-modal:toggle-autoplay-button"
      >
        <svg
          height="40"
          viewBox="0 0 40 40"
          width="40"
        >
          <path
            clip-rule="evenodd"
            d="M30.63 17.879q.861-1.258.861-3.876 0-2.53-.889-3.842-.881-1.312-2.61-1.312-1.779 0-2.633 1.257-.855 1.251-.854 3.897 0 2.535.875 3.835.882 1.299 2.611 1.299 1.785 0 2.639-1.258m-3.712-1.237q-.315-.8-.314-2.64 0-1.837.32-2.638.322-.807 1.067-.806.732 0 1.06.806.335.8.335 2.639 0 1.818-.328 2.625-.33.807-1.067.807-.752 0-1.073-.793m-11.758-5.4q0 .935-.567 1.592-.569.657-1.593.902v.041q1.21.15 1.832.739.622.58.622 1.572 0 1.442-1.046 2.249-1.046.8-2.987.8-1.627 0-2.885-.54v-1.798q.582.294 1.278.478.698.185 1.381.185 1.047 0 1.545-.356.5-.355.5-1.141 0-.704-.575-.998-.574-.294-1.832-.294h-.759v-1.62h.773q1.162 0 1.695-.301.54-.308.54-1.046 0-1.135-1.422-1.135-.492 0-1.005.164-.505.165-1.128.568L8.55 9.847q1.367-.985 3.26-.985 1.552 0 2.448.63.902.627.902 1.75m1.333 3.513q0-2.967 1.251-4.416 1.258-1.45 3.76-1.45.854 0 1.34.103v1.689a5.5 5.5 0 0 0-1.203-.137q-1.087 0-1.778.328a2.2 2.2 0 0 0-1.025.97q-.342.644-.403 1.826h.088q.678-1.162 2.167-1.162 1.34 0 2.1.84.758.842.758 2.325 0 1.6-.902 2.536-.903.93-2.502.93-1.108 0-1.935-.513-.82-.512-1.271-1.497-.445-.984-.445-2.372m3.61 2.693q.675 0 1.039-.45.362-.46.362-1.3 0-.73-.342-1.148-.335-.424-1.018-.424-.643 0-1.101.417-.45.418-.451.97 0 .814.424 1.375.43.56 1.087.56m14.923-3.141a1 1 0 1 0-1.052 1.701c1.155.713 1.902 1.45 2.362 2.2.456.74.664 1.543.664 2.45 0 1.704-1.251 3.48-3.813 4.979-2.526 1.479-6.123 2.552-10.27 2.9a1 1 0 0 0 .167 1.992c4.365-.366 8.268-1.5 11.114-3.166 2.81-1.645 4.802-3.95 4.802-6.706 0-1.236-.291-2.41-.96-3.498-.664-1.079-1.667-2.02-3.014-2.852m-29 2.044a1 1 0 1 0-1.052-1.702c-1.31.81-2.316 1.652-2.99 2.644C1.296 18.308 1 19.413 1 20.657c0 2.755 1.992 5.06 4.802 6.706 2.332 1.364 5.373 2.373 8.797 2.894l-1.746 1.48a1 1 0 0 0 1.294 1.526l3.5-2.967a1 1 0 0 0 .115-1.41l-3-3.533a1 1 0 0 0-1.524 1.294l1.343 1.583c-3.09-.503-5.765-1.42-7.768-2.593C4.25 24.137 3 22.362 3 20.657c0-.899.204-1.6.64-2.24.45-.666 1.195-1.33 2.386-2.066"
            fill-rule="evenodd"
          />
        </svg>
      </button>
      <button
        class="control turn"
        data-testid="gallery-modal:360-turn-right-button"
      >
        <svg
          height="16"
          viewBox="0 0 16 16"
          width="16"
        >
          <g
            clip-path="url(#prefix__clip0_5876_1441)"
          >
            <path
              clip-rule="evenodd"
              d="M12 1a1 1 0 0 0-1-1H5a1 1 0 0 0-.928 1.371l2 5a1 1 0 0 0 1.856-.742L6.78 2.757C8.743 3.88 10 5.839 10 8c0 2.829-2.153 5.311-5.226 6.026a1 1 0 0 0 .452 1.948C9.055 15.084 12 11.907 12 8c0-2.393-1.106-4.512-2.842-6H11a1 1 0 0 0 1-1"
              fill-rule="evenodd"
            />
          </g>
          <defs>
            <clippath
              id="prefix__clip0_5876_1441"
            >
              <path
                d="M0 0h16v16H0z"
              />
            </clippath>
          </defs>
        </svg>
      </button>
    </div>
  </div>
</div>
`;
